measure_wrap: state OK — no_turbo=1 gov_cpu3=performance cpu7_online=1 isolated=3,7 freq_cpu3_khz=3600000 thp=madvise
measure_wrap: state OK — no_turbo=1 gov_cpu3=performance cpu7_online=1 isolated=3,7 freq_cpu3_khz=3600000 thp=madvise
measure_wrap: state OK — no_turbo=1 gov_cpu3=performance cpu7_online=1 isolated=3,7 freq_cpu3_khz=3600000 thp=madvise
[reconcile] fleet_MID_W2_53_mid_hist_r4: CYCLE_ORPHAN charged 2760.6s to the A-3d cap
[topup] fleet_FLAT_FM_W2_50_fm_sum — cell FLAT+FM at 15/26, wave-2 spend 28.38h
[skip accepted] fleet_FLAT_FM_W2_50_fm_sum
[topup] fleet_MID_W2_50_mid_gatherpoly — cell MID at 24/26, wave-2 spend 28.38h
[skip accepted] fleet_MID_W2_50_mid_gatherpoly
[topup] fleet_FLAT_FM_W2_51_fm_dot — cell FLAT+FM at 15/26, wave-2 spend 28.38h
[skip accepted] fleet_FLAT_FM_W2_51_fm_dot
[topup] fleet_MID_W2_51_mid_hist — cell MID at 24/26, wave-2 spend 28.38h
[skip accepted] fleet_MID_W2_51_mid_hist
[topup] fleet_FLAT_FM_W2_52_fm_sumsq — cell FLAT+FM at 15/26, wave-2 spend 28.38h
[skip accepted] fleet_FLAT_FM_W2_52_fm_sumsq
[topup] fleet_MID_W2_52_mid_gatherpoly — cell MID at 24/26, wave-2 spend 28.38h
[skip accepted] fleet_MID_W2_52_mid_gatherpoly
[topup] fleet_FLAT_FM_W2_53_fm_sum — cell FLAT+FM at 15/26, wave-2 spend 28.38h
[skip accepted] fleet_FLAT_FM_W2_53_fm_sum
[topup] fleet_MID_W2_53_mid_hist — cell MID at 24/26, wave-2 spend 28.38h
  fleet_MID_W2_53_mid_hist: PARAMS_DUPLICATE (mid_hist {'bins': 1024, 'n': 98304}) — skipping measure
  fleet_MID_W2_53_mid_hist_r1: PARAMS_DUPLICATE (mid_hist {'bins': 512, 'n': 49152}) — skipping measure
  fleet_MID_W2_53_mid_hist_r2: PARAMS_DUPLICATE (mid_hist {'bins': 1024, 'n': 49152}) — skipping measure
  fleet_MID_W2_53_mid_hist_r3: PARAMS_DUPLICATE (mid_gatherpoly {'deg': 2, 'n': 196608}) — skipping measure
[resume] fleet_MID_W2_53_mid_hist_r4: interrupted measure deleted (build kept)
  fleet_MID_W2_53_mid_hist_r4: v2=INT FM=False FEAS=False flags=[] ACCEPTED
[topup] fleet_FLAT_FM_W2_54_fm_dot — cell FLAT+FM at 15/26, wave-2 spend 28.98h
  fleet_FLAT_FM_W2_54_fm_dot: REJECTED_CLONE (max|Δ|=0.0028 < 0.05) — re-parameterizing
  fleet_FLAT_FM_W2_54_fm_dot_r1: v2=FLAT FM=False FEAS=True flags=[] ACCEPTED
[topup] fleet_MID_W2_54_mid_gatherpoly — cell MID at 24/26, wave-2 spend 30.97h
  fleet_MID_W2_54_mid_gatherpoly: REJECTED_CLONE (max|Δ|=0.0325 < 0.05) — re-parameterizing
  fleet_MID_W2_54_mid_gatherpoly_r1: v2=MID FM=False FEAS=True flags=[] ACCEPTED
[topup] fleet_FLAT_FM_W2_55_fm_sumsq — cell FLAT+FM at 15/26, wave-2 spend 32.90h
  fleet_FLAT_FM_W2_55_fm_sumsq: REJECTED_CLONE (max|Δ|=0.0244 < 0.05) — re-parameterizing
  fleet_FLAT_FM_W2_55_fm_sumsq_r1: v2=FLAT FM=True FEAS=False flags=[] ACCEPTED
[topup] fleet_MID_W2_55_mid_hist — cell MID at 25/26, wave-2 spend 34.85h
  fleet_MID_W2_55_mid_hist: PARAMS_DUPLICATE (mid_hist {'bins': 1024, 'n': 49152}) — skipping measure
  fleet_MID_W2_55_mid_hist_r1: REJECTED_CLONE (max|Δ|=0.0058 < 0.05) — re-parameterizing
  fleet_MID_W2_55_mid_hist_r2: PARAMS_DUPLICATE (mid_hist {'bins': 512, 'n': 24576}) — skipping measure
  fleet_MID_W2_55_mid_hist_r3: REJECTED_CLONE (max|Δ|=0.0272 < 0.05) — re-parameterizing
  fleet_MID_W2_55_mid_hist_r4: v2=MID FM=True FEAS=False flags=[] ACCEPTED
[topup] fleet_FLAT_FM_W2_56_fm_sum — cell FLAT+FM at 16/26, wave-2 spend 38.06h
  fleet_FLAT_FM_W2_56_fm_sum: REJECTED_CLONE (max|Δ|=0.0203 < 0.05) — re-parameterizing
  fleet_FLAT_FM_W2_56_fm_sum_r1: REJECTED_CLONE (max|Δ|=0.0216 < 0.05) — re-parameterizing
  fleet_FLAT_FM_W2_56_fm_sum_r2: REJECTED_CLONE (max|Δ|=0.0304 < 0.05) — re-parameterizing
  fleet_FLAT_FM_W2_56_fm_sum_r3: REJECTED_CLONE (max|Δ|=0.0324 < 0.05) — re-parameterizing
  fleet_FLAT_FM_W2_56_fm_sum_r4: REJECTED_CLONE (max|Δ|=0.0059 < 0.05) — re-parameterizing
  fleet_FLAT_FM_W2_56_fm_sum_r5: PARAMS_DUPLICATE (fm_dot {'dt': 'double', 'n': 196608}) — skipping measure
  fleet_FLAT_FM_W2_56_fm_sum_r6: PARAMS_DUPLICATE (fm_sumsq {'dt': 'double', 'n': 4096}) — skipping measure
  fleet_FLAT_FM_W2_56_fm_sum_r7: REJECTED_CLONE (max|Δ|=0.0218 < 0.05) — re-parameterizing
  fleet_FLAT_FM_W2_56_fm_sum_r8: REJECTED_CLONE (max|Δ|=0.0212 < 0.05) — re-parameterizing
  fleet_FLAT_FM_W2_56_fm_sum: SLOT_EXHAUSTED (all templates/params tried) — P-2 honest finding
[topup] fleet_FLAT_FM_W2_57_fm_dot — cell FLAT+FM at 16/26, wave-2 spend 44.07h
  fleet_FLAT_FM_W2_57_fm_dot: v2=FLAT FM=True FEAS=False flags=[] ACCEPTED
[topup] fleet_FLAT_FM_W2_58_fm_sumsq — cell FLAT+FM at 17/26, wave-2 spend 45.08h
  fleet_FLAT_FM_W2_58_fm_sumsq: PARAMS_DUPLICATE (fm_sumsq {'dt': 'double', 'n': 98304}) — skipping measure
  fleet_FLAT_FM_W2_58_fm_sumsq_r1: v2=FLAT FM=True FEAS=True flags=[] ACCEPTED
[topup] fleet_FLAT_FM_W2_59_fm_sum — cell FLAT+FM at 18/26, wave-2 spend 46.03h
  fleet_FLAT_FM_W2_59_fm_sum: PARAMS_DUPLICATE (fm_sum {'dt': 'double', 'n': 1179648}) — skipping measure
  fleet_FLAT_FM_W2_59_fm_sum_r1: v2=FLAT FM=True FEAS=False flags=[] ACCEPTED
[topup] fleet_FLAT_FM_W2_60_fm_dot — cell FLAT+FM at 19/26, wave-2 spend 46.91h
  fleet_FLAT_FM_W2_60_fm_dot: PARAMS_DUPLICATE (fm_dot {'dt': 'double', 'n': 8192}) — skipping measure
  fleet_FLAT_FM_W2_60_fm_dot_r1: PARAMS_DUPLICATE (fm_dot {'dt': 'double', 'n': 24576}) — skipping measure
  fleet_FLAT_FM_W2_60_fm_dot_r2: PARAMS_DUPLICATE (fm_dot {'dt': 'double', 'n': 196608}) — skipping measure
  fleet_FLAT_FM_W2_60_fm_dot_r3: PARAMS_DUPLICATE (fm_sum {'dt': 'double', 'n': 4096}) — skipping measure
  fleet_FLAT_FM_W2_60_fm_dot_r4: PARAMS_DUPLICATE (fm_sum {'dt': 'double', 'n': 16384}) — skipping measure
  fleet_FLAT_FM_W2_60_fm_dot_r5: PARAMS_DUPLICATE (fm_sum {'dt': 'double', 'n': 98304}) — skipping measure
  fleet_FLAT_FM_W2_60_fm_dot_r6: PARAMS_DUPLICATE (fm_sumsq {'dt': 'double', 'n': 4096}) — skipping measure
  fleet_FLAT_FM_W2_60_fm_dot_r7: PARAMS_DUPLICATE (fm_sumsq {'dt': 'double', 'n': 24576}) — skipping measure
  fleet_FLAT_FM_W2_60_fm_dot_r8: PARAMS_DUPLICATE (fm_sumsq {'dt': 'double', 'n': 98304}) — skipping measure
  fleet_FLAT_FM_W2_60_fm_dot: SLOT_EXHAUSTED (all templates/params tried) — P-2 honest finding
[topup] fleet_FLAT_FM_W2_61_fm_sumsq — cell FLAT+FM at 19/26, wave-2 spend 46.91h
  fleet_FLAT_FM_W2_61_fm_sumsq: REJECTED_CLONE (max|Δ|=0.0021 < 0.05) — re-parameterizing
  fleet_FLAT_FM_W2_61_fm_sumsq_r1: v2=FLAT FM=True FEAS=False flags=[] ACCEPTED
topup: TOPUP_CAP_STOP at 175407s >= 172800s — honest final-n stands (A-3d), cells {'FLAT+FM': 20, 'MID': 26, 'LEVER-SEP': 26}

topup stage complete: 25 accepted; cells {'FLAT+FM': 20, 'MID': 26, 'LEVER-SEP': 26}
