# STEP 0.3.4 — cdivision edge-suite generator; divergence CAUGHT by the oracle (TDD red->green)

Grounding: roadmap §3.2(4) (negative-operand + zero-divisor probes for every dividing
unit), §3.1 (zero-divisor probe expects ZeroDivisionError under Python semantics),
§3.5 (wrong/missing exception, segfault/abort => infeasible).

Divergence evidence is REAL: the test fixture cythonizes ONE kernel source twice
in-container (-X cdivision=False / True), gcc per the refkernel profile
(-O2 -march=x86-64 -ffp-contract=off -g0 -pipe), and runs every probe in a fresh
subprocess (§3.2(2)).

## RED (benign stub: positive control only, wrong golden semantics, nothing declared)
Invocation: podman run --rm -v ./src:/src:ro,Z -w /src -e PYTHONDONTWRITEBYTECODE=1 -e PYTHONPATH=/src localhost/motifbo-env:phase0 python -m pytest -q -p no:cacheprovider tests/test_oracle_edge_suite.py

FFFFFFFFFFFFFFF                                                          [100%]
=================================== FAILURES ===================================
_________ test_edge_cases_cover_mandated_probes_and_are_deterministic __________

    def test_edge_cases_cover_mandated_probes_and_are_deterministic():
        cases = division_edge_cases()
        names = [n for n, _, _ in cases]
        assert len(names) == len(set(names)), "duplicate case names"
>       assert MANDATED_CASES <= set(names)
E       AssertionError: assert {'neg_both', ...neg_dividend'} <= {'positive_control'}
E         
E         Extra items in the left set:
E         'zero_divisor'
E         'zero_divisor_neg_dividend'
E         'neg_divisor'
E         'neg_dividend'
E         'neg_both'

tests/test_oracle_edge_suite.py:46: AssertionError
_______________ test_python_div_outcome_encodes_python_semantics _______________

    def test_python_div_outcome_encodes_python_semantics():
        # Python: floor division; modulo carries the DIVISOR's sign.
>       assert compare_outcomes(python_div_outcome(-7, 2),
                                Outcome.value([-4, 1])) is None
E       AssertionError: assert 'output[0]: value mismatch — golden 0, candidate -4' is None
E        +  where 'output[0]: value mismatch — golden 0, candidate -4' = compare_outcomes(<motifbo.oracle.bitwise.Outcome object at 0x7efe5ec2f610>, <motifbo.oracle.bitwise.Outcome object at 0x7efe5f21d420>)
E        +    where <motifbo.oracle.bitwise.Outcome object at 0x7efe5ec2f610> = python_div_outcome(-7, 2)
E        +    and   <motifbo.oracle.bitwise.Outcome object at 0x7efe5f21d420> = value([-4, 1])
E        +      where value = Outcome.value

tests/test_oracle_edge_suite.py:57: AssertionError
____________ test_manifest_entries_declare_zero_divisor_exceptions _____________

    def test_manifest_entries_declare_zero_divisor_exceptions():
        entries = manifest_exception_entries()
        assert {e["case"] for e in entries} == {
            n for n, _, d in division_edge_cases() if d == 0}
>       assert entries, "no zero-divisor probes declared"
E       AssertionError: no zero-divisor probes declared
E       assert ()

tests/test_oracle_edge_suite.py:71: AssertionError
_____________ test_golden_build_matches_python_semantics[neg_both] _____________

div_builds = {'cdivision=False': PosixPath('/tmp/pytest-of-root/pytest-0/divkernels0/divkernel_pysem.so'), 'cdivision=True': PosixPath('/tmp/pytest-of-root/pytest-0/divkernels0/divkernel_csem.so')}
name = 'neg_both'

    @pytest.mark.parametrize("name", sorted(MANDATED_CASES | {"positive_control"}))
    def test_golden_build_matches_python_semantics(div_builds, name):
>       a, b = case(name)
               ^^^^^^^^^^

tests/test_oracle_edge_suite.py:153: 
_ _ _ _ _ _ _ _ _ _ _ _ _ _ _ _ _ _ _ _ _ _ _ _ _ _ _ _ _ _ _ _ _ _ _ _ _ _ _ _ 

name = 'neg_both'

    def case(name):
        table = {n: (a, b) for n, a, b in division_edge_cases()}
>       return table[name]  # KeyError = generator failed to supply a mandated probe
               ^^^^^^^^^^^
E       KeyError: 'neg_both'

tests/test_oracle_edge_suite.py:37: KeyError
___________ test_golden_build_matches_python_semantics[neg_dividend] ___________

div_builds = {'cdivision=False': PosixPath('/tmp/pytest-of-root/pytest-0/divkernels0/divkernel_pysem.so'), 'cdivision=True': PosixPath('/tmp/pytest-of-root/pytest-0/divkernels0/divkernel_csem.so')}
name = 'neg_dividend'

    @pytest.mark.parametrize("name", sorted(MANDATED_CASES | {"positive_control"}))
    def test_golden_build_matches_python_semantics(div_builds, name):
>       a, b = case(name)
               ^^^^^^^^^^

tests/test_oracle_edge_suite.py:153: 
_ _ _ _ _ _ _ _ _ _ _ _ _ _ _ _ _ _ _ _ _ _ _ _ _ _ _ _ _ _ _ _ _ _ _ _ _ _ _ _ 

name = 'neg_dividend'

    def case(name):
        table = {n: (a, b) for n, a, b in division_edge_cases()}
>       return table[name]  # KeyError = generator failed to supply a mandated probe
               ^^^^^^^^^^^
E       KeyError: 'neg_dividend'

tests/test_oracle_edge_suite.py:37: KeyError
___________ test_golden_build_matches_python_semantics[neg_divisor] ____________

div_builds = {'cdivision=False': PosixPath('/tmp/pytest-of-root/pytest-0/divkernels0/divkernel_pysem.so'), 'cdivision=True': PosixPath('/tmp/pytest-of-root/pytest-0/divkernels0/divkernel_csem.so')}
name = 'neg_divisor'

    @pytest.mark.parametrize("name", sorted(MANDATED_CASES | {"positive_control"}))
    def test_golden_build_matches_python_semantics(div_builds, name):
>       a, b = case(name)
               ^^^^^^^^^^

tests/test_oracle_edge_suite.py:153: 
_ _ _ _ _ _ _ _ _ _ _ _ _ _ _ _ _ _ _ _ _ _ _ _ _ _ _ _ _ _ _ _ _ _ _ _ _ _ _ _ 

name = 'neg_divisor'

    def case(name):
        table = {n: (a, b) for n, a, b in division_edge_cases()}
>       return table[name]  # KeyError = generator failed to supply a mandated probe
               ^^^^^^^^^^^
E       KeyError: 'neg_divisor'

tests/test_oracle_edge_suite.py:37: KeyError
_________ test_golden_build_matches_python_semantics[positive_control] _________

div_builds = {'cdivision=False': PosixPath('/tmp/pytest-of-root/pytest-0/divkernels0/divkernel_pysem.so'), 'cdivision=True': PosixPath('/tmp/pytest-of-root/pytest-0/divkernels0/divkernel_csem.so')}
name = 'positive_control'

    @pytest.mark.parametrize("name", sorted(MANDATED_CASES | {"positive_control"}))
    def test_golden_build_matches_python_semantics(div_builds, name):
        a, b = case(name)
        got = run_probe(div_builds["cdivision=False"], a, b)
        assert got["kind"] != "crash", "golden build must never crash"
>       assert compare_outcomes(python_div_outcome(a, b), to_outcome(got)) is None
E       AssertionError: assert 'output[0]: value mismatch — golden 0, candidate 3' is None
E        +  where 'output[0]: value mismatch — golden 0, candidate 3' = compare_outcomes(<motifbo.oracle.bitwise.Outcome object at 0x7efe5eecfd00>, <motifbo.oracle.bitwise.Outcome object at 0x7efe5ec27460>)
E        +    where <motifbo.oracle.bitwise.Outcome object at 0x7efe5eecfd00> = python_div_outcome(7, 2)
E        +    and   <motifbo.oracle.bitwise.Outcome object at 0x7efe5ec27460> = to_outcome({'kind': 'value', 'value': [3, 1]})

tests/test_oracle_edge_suite.py:156: AssertionError
___________ test_golden_build_matches_python_semantics[zero_divisor] ___________

div_builds = {'cdivision=False': PosixPath('/tmp/pytest-of-root/pytest-0/divkernels0/divkernel_pysem.so'), 'cdivision=True': PosixPath('/tmp/pytest-of-root/pytest-0/divkernels0/divkernel_csem.so')}
name = 'zero_divisor'

    @pytest.mark.parametrize("name", sorted(MANDATED_CASES | {"positive_control"}))
    def test_golden_build_matches_python_semantics(div_builds, name):
>       a, b = case(name)
               ^^^^^^^^^^

tests/test_oracle_edge_suite.py:153: 
_ _ _ _ _ _ _ _ _ _ _ _ _ _ _ _ _ _ _ _ _ _ _ _ _ _ _ _ _ _ _ _ _ _ _ _ _ _ _ _ 

name = 'zero_divisor'

    def case(name):
        table = {n: (a, b) for n, a, b in division_edge_cases()}
>       return table[name]  # KeyError = generator failed to supply a mandated probe
               ^^^^^^^^^^^
E       KeyError: 'zero_divisor'

tests/test_oracle_edge_suite.py:37: KeyError
____ test_golden_build_matches_python_semantics[zero_divisor_neg_dividend] _____

div_builds = {'cdivision=False': PosixPath('/tmp/pytest-of-root/pytest-0/divkernels0/divkernel_pysem.so'), 'cdivision=True': PosixPath('/tmp/pytest-of-root/pytest-0/divkernels0/divkernel_csem.so')}
name = 'zero_divisor_neg_dividend'

    @pytest.mark.parametrize("name", sorted(MANDATED_CASES | {"positive_control"}))
    def test_golden_build_matches_python_semantics(div_builds, name):
>       a, b = case(name)
               ^^^^^^^^^^

tests/test_oracle_edge_suite.py:153: 
_ _ _ _ _ _ _ _ _ _ _ _ _ _ _ _ _ _ _ _ _ _ _ _ _ _ _ _ _ _ _ _ _ _ _ _ _ _ _ _ 

name = 'zero_divisor_neg_dividend'

    def case(name):
        table = {n: (a, b) for n, a, b in division_edge_cases()}
>       return table[name]  # KeyError = generator failed to supply a mandated probe
               ^^^^^^^^^^^
E       KeyError: 'zero_divisor_neg_dividend'

tests/test_oracle_edge_suite.py:37: KeyError
____ test_negative_operand_divergence_is_caught[neg_dividend-c_semantics0] _____

div_builds = {'cdivision=False': PosixPath('/tmp/pytest-of-root/pytest-0/divkernels0/divkernel_pysem.so'), 'cdivision=True': PosixPath('/tmp/pytest-of-root/pytest-0/divkernels0/divkernel_csem.so')}
name = 'neg_dividend', c_semantics = [-3, -1]

    @pytest.mark.parametrize("name,c_semantics", [
        ("neg_dividend", [-3, -1]),   # C truncates toward zero; % takes dividend sign
        ("neg_divisor", [-3, 1]),
    ])
    def test_negative_operand_divergence_is_caught(div_builds, name, c_semantics):
>       a, b = case(name)
               ^^^^^^^^^^

tests/test_oracle_edge_suite.py:164: 
_ _ _ _ _ _ _ _ _ _ _ _ _ _ _ _ _ _ _ _ _ _ _ _ _ _ _ _ _ _ _ _ _ _ _ _ _ _ _ _ 

name = 'neg_dividend'

    def case(name):
        table = {n: (a, b) for n, a, b in division_edge_cases()}
>       return table[name]  # KeyError = generator failed to supply a mandated probe
               ^^^^^^^^^^^
E       KeyError: 'neg_dividend'

tests/test_oracle_edge_suite.py:37: KeyError
_____ test_negative_operand_divergence_is_caught[neg_divisor-c_semantics1] _____

div_builds = {'cdivision=False': PosixPath('/tmp/pytest-of-root/pytest-0/divkernels0/divkernel_pysem.so'), 'cdivision=True': PosixPath('/tmp/pytest-of-root/pytest-0/divkernels0/divkernel_csem.so')}
name = 'neg_divisor', c_semantics = [-3, 1]

    @pytest.mark.parametrize("name,c_semantics", [
        ("neg_dividend", [-3, -1]),   # C truncates toward zero; % takes dividend sign
        ("neg_divisor", [-3, 1]),
    ])
    def test_negative_operand_divergence_is_caught(div_builds, name, c_semantics):
>       a, b = case(name)
               ^^^^^^^^^^

tests/test_oracle_edge_suite.py:164: 
_ _ _ _ _ _ _ _ _ _ _ _ _ _ _ _ _ _ _ _ _ _ _ _ _ _ _ _ _ _ _ _ _ _ _ _ _ _ _ _ 

name = 'neg_divisor'

    def case(name):
        table = {n: (a, b) for n, a, b in division_edge_cases()}
>       return table[name]  # KeyError = generator failed to supply a mandated probe
               ^^^^^^^^^^^
E       KeyError: 'neg_divisor'

tests/test_oracle_edge_suite.py:37: KeyError
_________ test_agreeing_cases_do_not_false_positive[positive_control] __________

div_builds = {'cdivision=False': PosixPath('/tmp/pytest-of-root/pytest-0/divkernels0/divkernel_pysem.so'), 'cdivision=True': PosixPath('/tmp/pytest-of-root/pytest-0/divkernels0/divkernel_csem.so')}
name = 'positive_control'

    @pytest.mark.parametrize("name", ["positive_control", "neg_both"])
    def test_agreeing_cases_do_not_false_positive(div_builds, name):
        # -7 // -2 == 3 and -7 % -2 == -1 under BOTH semantics: the suite must
        # not flag configurations that genuinely agree.
        a, b = case(name)
        got = run_probe(div_builds["cdivision=True"], a, b)
>       assert compare_outcomes(python_div_outcome(a, b), to_outcome(got)) is None
E       AssertionError: assert 'output[0]: value mismatch — golden 0, candidate 3' is None
E        +  where 'output[0]: value mismatch — golden 0, candidate 3' = compare_outcomes(<motifbo.oracle.bitwise.Outcome object at 0x7efe5c7ce0b0>, <motifbo.oracle.bitwise.Outcome object at 0x7efe5c7cc2b0>)
E        +    where <motifbo.oracle.bitwise.Outcome object at 0x7efe5c7ce0b0> = python_div_outcome(7, 2)
E        +    and   <motifbo.oracle.bitwise.Outcome object at 0x7efe5c7cc2b0> = to_outcome({'kind': 'value', 'value': [3, 1]})

tests/test_oracle_edge_suite.py:180: AssertionError
_____________ test_agreeing_cases_do_not_false_positive[neg_both] ______________

div_builds = {'cdivision=False': PosixPath('/tmp/pytest-of-root/pytest-0/divkernels0/divkernel_pysem.so'), 'cdivision=True': PosixPath('/tmp/pytest-of-root/pytest-0/divkernels0/divkernel_csem.so')}
name = 'neg_both'

    @pytest.mark.parametrize("name", ["positive_control", "neg_both"])
    def test_agreeing_cases_do_not_false_positive(div_builds, name):
        # -7 // -2 == 3 and -7 % -2 == -1 under BOTH semantics: the suite must
        # not flag configurations that genuinely agree.
>       a, b = case(name)
               ^^^^^^^^^^

tests/test_oracle_edge_suite.py:178: 
_ _ _ _ _ _ _ _ _ _ _ _ _ _ _ _ _ _ _ _ _ _ _ _ _ _ _ _ _ _ _ _ _ _ _ _ _ _ _ _ 

name = 'neg_both'

    def case(name):
        table = {n: (a, b) for n, a, b in division_edge_cases()}
>       return table[name]  # KeyError = generator failed to supply a mandated probe
               ^^^^^^^^^^^
E       KeyError: 'neg_both'

tests/test_oracle_edge_suite.py:37: KeyError
_____________ test_zero_divisor_divergence_is_caught[zero_divisor] _____________

div_builds = {'cdivision=False': PosixPath('/tmp/pytest-of-root/pytest-0/divkernels0/divkernel_pysem.so'), 'cdivision=True': PosixPath('/tmp/pytest-of-root/pytest-0/divkernels0/divkernel_csem.so')}
name = 'zero_divisor'

    @pytest.mark.parametrize("name", ["zero_divisor", "zero_divisor_neg_dividend"])
    def test_zero_divisor_divergence_is_caught(div_builds, name):
>       a, b = case(name)
               ^^^^^^^^^^

tests/test_oracle_edge_suite.py:185: 
_ _ _ _ _ _ _ _ _ _ _ _ _ _ _ _ _ _ _ _ _ _ _ _ _ _ _ _ _ _ _ _ _ _ _ _ _ _ _ _ 

name = 'zero_divisor'

    def case(name):
        table = {n: (a, b) for n, a, b in division_edge_cases()}
>       return table[name]  # KeyError = generator failed to supply a mandated probe
               ^^^^^^^^^^^
E       KeyError: 'zero_divisor'

tests/test_oracle_edge_suite.py:37: KeyError
______ test_zero_divisor_divergence_is_caught[zero_divisor_neg_dividend] _______

div_builds = {'cdivision=False': PosixPath('/tmp/pytest-of-root/pytest-0/divkernels0/divkernel_pysem.so'), 'cdivision=True': PosixPath('/tmp/pytest-of-root/pytest-0/divkernels0/divkernel_csem.so')}
name = 'zero_divisor_neg_dividend'

    @pytest.mark.parametrize("name", ["zero_divisor", "zero_divisor_neg_dividend"])
    def test_zero_divisor_divergence_is_caught(div_builds, name):
>       a, b = case(name)
               ^^^^^^^^^^

tests/test_oracle_edge_suite.py:185: 
_ _ _ _ _ _ _ _ _ _ _ _ _ _ _ _ _ _ _ _ _ _ _ _ _ _ _ _ _ _ _ _ _ _ _ _ _ _ _ _ 

name = 'zero_divisor_neg_dividend'

    def case(name):
        table = {n: (a, b) for n, a, b in division_edge_cases()}
>       return table[name]  # KeyError = generator failed to supply a mandated probe
               ^^^^^^^^^^^
E       KeyError: 'zero_divisor_neg_dividend'

tests/test_oracle_edge_suite.py:37: KeyError
=========================== short test summary info ============================
FAILED tests/test_oracle_edge_suite.py::test_edge_cases_cover_mandated_probes_and_are_deterministic
FAILED tests/test_oracle_edge_suite.py::test_python_div_outcome_encodes_python_semantics
FAILED tests/test_oracle_edge_suite.py::test_manifest_entries_declare_zero_divisor_exceptions
FAILED tests/test_oracle_edge_suite.py::test_golden_build_matches_python_semantics[neg_both]
FAILED tests/test_oracle_edge_suite.py::test_golden_build_matches_python_semantics[neg_dividend]
FAILED tests/test_oracle_edge_suite.py::test_golden_build_matches_python_semantics[neg_divisor]
FAILED tests/test_oracle_edge_suite.py::test_golden_build_matches_python_semantics[positive_control]
FAILED tests/test_oracle_edge_suite.py::test_golden_build_matches_python_semantics[zero_divisor]
FAILED tests/test_oracle_edge_suite.py::test_golden_build_matches_python_semantics[zero_divisor_neg_dividend]
FAILED tests/test_oracle_edge_suite.py::test_negative_operand_divergence_is_caught[neg_dividend-c_semantics0]
FAILED tests/test_oracle_edge_suite.py::test_negative_operand_divergence_is_caught[neg_divisor-c_semantics1]
FAILED tests/test_oracle_edge_suite.py::test_agreeing_cases_do_not_false_positive[positive_control]
FAILED tests/test_oracle_edge_suite.py::test_agreeing_cases_do_not_false_positive[neg_both]
FAILED tests/test_oracle_edge_suite.py::test_zero_divisor_divergence_is_caught[zero_divisor]
FAILED tests/test_oracle_edge_suite.py::test_zero_divisor_divergence_is_caught[zero_divisor_neg_dividend]
15 failed in 3.77s

## GREEN (real generator; real compiled divergence)

...............                                                          [100%]
15 passed in 3.93s

## OBSERVED candidate behavior under cdivision=True (one-off evidence run, in-container)

cdivision=True kernel(7, 0) -> {'kind': 'crash', 'signal': 8}
cdivision=True kernel(-7, 0) -> {'kind': 'crash', 'signal': 8}
cdivision=True kernel(-7, 2) -> {'kind': 'value', 'value': [-3, -1]}

## REFACTOR: pass reviewed — generator already minimal (frozen tuple + two
## mechanical derivations); no change warranted.

## FULL SUITE

........................................................................ [ 59%]
..................................................                       [100%]
122 passed in 9.20s
