# STEP 0.4.2b — re-pin: add hypothesis to the pinned environment (user request)

Interstitial re-pin at the 0.4.2 -> 0.4.3 boundary. §3.3 names Hypothesis for
property-based validation cases; at 0.4.2 it was deferred (not in the lock). User
authorized adding it now under a strict test-and-rollback procedure. ROLLBACK
CONDITION (suite break / dependency cascade) did NOT trigger — added successfully.

## Procedure
1. requirements.in: added `hypothesis>=6,<7` (capped to current major for re-pin
   stability) with full inline rationale + validation-tracking comments.
2. Lock regenerated IN-IMAGE with the Step-0.1.3 resolver to preserve pins:
     pip install pip-tools==7.5.3   (pip 24.0, python 3.12.3)
     pip-compile --generate-hashes --allow-unsafe --strip-extras \
                 --output-file=/work/requirements.lock /work/requirements.in
   Prior lock present in /work => existing pins preserved (pip-compile no-upgrade
   default); pip-compile EXIT=0.

## Zero-cascade verification (lock package-set diff old -> new)
Added:   hypothesis==6.155.2
Removed: (none)
Changed: (none — every pre-existing pinned version identical)
hypothesis's only mandatory runtime deps (Requires-Dist of 6.155.2):
  - sortedcontainers<3.0.0,>=2.1.0   -> already present (2.4.0; now `# via
    distributed, hypothesis`)
  - exceptiongroup>=1.0.0; python_version < "3.11"  -> N/A on python 3.12
  (modern hypothesis dropped the attrs dependency; everything else is `extra ==`)
=> only hypothesis itself is genuinely new. No attrs needed.

## Image rebuild (real --require-hashes integration test)
podman build -f Containerfile -t localhost/motifbo-env:phase0-hyp .  -> EXIT=0
"Successfully installed ... hypothesis-6.155.2 ..." with EVERY other version
identical to the prior image (numpy-2.4.6 scipy-1.17.1 scikit-learn-1.8.0
smac-2.4.0 cython-3.2.5 pytest-9.0.3 configspace-1.2.2 dask-2026.3.0 ...).
New built image id: sha256:3bbe69a1d8f8c3ec8ae7d6b19a0c586f4fe79b3b8f8925f7e1dee9adb6fb67d2
localhost/motifbo-env:phase0 retagged to this image; prior image
f9328a8a92f8... preserved by id (rollback = git restore lock/in/hashes/Containerfile
records + rebuild from the digest-pinned base).

## Stability gates (all PASS)
- LOCK_HASHES.sha256 updated:
    requirements.lock 414fbd3bb821c88f9a27d6d149f5cd00d094aa7515746fe8469ff9bd268a18d9
    requirements.in   a5cb33ef2c64e05a92ca7106498e58acac8ed1c0ee9963eb7b69dfb06cd9bd8d
- scripts/check_python_env.sh against phase0-hyp:
    "PYTHON ENV CHECK: PASS (hashes, package set, interpreter, backend)"
    (hash match, image set == lock, python 3.12.3, `import smac` D3 guard, sklearn
    RF backend) — exit 0.
- import hypothesis 6.155.2 + hypothesis.extra.numpy: OK.
- FULL pytest suite (all tests) against phase0-hyp: 211 passed, exit 0.

## Scope note
Phase-0 reference-kernel property cases (src/motifbo/sanitize/validation_inputs.py)
STILL use the committed fixed-seed numpy corpus. Hypothesis is now available; its
generators are wired at corpus Steps 1.1.3/1.1.5 where input manifests are frozen.
The carried "HYPOTHESIS decision deferred" note in STATE is now resolved (added).
