STEP 1.1.1 — C++ toolchain addition (Phase-0->Phase-1 image transition X->X')
============================================================================
Date: 2026-06-16 (UTC). Host: Fedora 44, rootless podman. Decision: human Option A.

[1] CONTAINERFILE CHANGE (additive, appended last)
    + RUN apt-get install --no-install-recommends \
        g++-13=13.3.0-6ubuntu2~24.04.1 libstdc++-13-dev=13.3.0-6ubuntu2~24.04.1
    Base pin UNCHANGED: ubuntu:24.04@sha256:023f8a75...

[2] BUILD (podman build -t localhost/motifbo-env:phase1)
    apt summary: "0 upgraded, 3 newly installed, 0 to remove and 6 not upgraded."
    newly installed: libstdc++-13-dev, g++-13-x86-64-linux-gnu, g++-13 (all 13.3.0-6ubuntu2~24.04.1)
    X  = localhost/motifbo-env:phase0 = sha256:3bbe69a1d8f8c3ec8ae7d6b19a0c586f4fe79b3b8f8925f7e1dee9adb6fb67d2
    X' = localhost/motifbo-env:phase1 = sha256:d45e33b08bad0020bcf0d04eefe50c04e7e1f36e3ccb4d55daf655e9900295d2
    size 717MB -> 774MB (+57MB C++ toolchain).

[3] CONDITION 2 — C binaries byte-identical (recomputed fresh from BOTH images; zero diff)
    cc1               5d1679131184e2de4435b426eb264bf13472fe026db8e5c6bc97445814e8e2f4   (X == X')
    gcc-13            1b99826121ae6682a634e5efe09bd3e3df58ce58e0b28f849114ab5b89139c26   (X == X')
    libasan.so.8.0.0  8d5845bdf056b5db4cfb9fff40ad5eeea8f6da05a8ca6f5935a7d1c138ed2558   (X == X')
    python3.12        e1efa562c2cc2e35521a5c9c9b9939921001ff8ca9708a13ef15ace68cc2ccd7   (X == X')
    VERDICT: BYTE-IDENTICAL. Phase-0 reproducibility undisturbed.
    NEW in X': cc1plus 840b332fb62ec6f694ac77d91fe69ef7f80b0d69512ed89374af0ee7a506255d

[4] dpkg C++ versions (X')
    g++-13                   13.3.0-6ubuntu2~24.04.1
    g++-13-x86-64-linux-gnu  13.3.0-6ubuntu2~24.04.1
    libstdc++-13-dev:amd64   13.3.0-6ubuntu2~24.04.1

[5] PURPOSE CONFIRMED — previously-blocked C++ unit now builds in X'
    C++ trivial (<vector>+<algorithm>): COMPILE+LINK OK via g++-13.
    sklearn 1.5.2 tree/_criterion.pyx: cython --cplus -> g++-13 -O3 -march=native
      -ffp-contract=fast -fopenmp -std=c++14 -> _criterion.so BUILT (365512 bytes), OMP_NUM_THREADS=1.

[6] RE-PIN
    TOOLCHAIN.lock: image_tag=...:phase1; [apt-pinned-cpp] added; image_id_1.1.1 recorded.
    data/env/IMAGE_TRANSITION.md written. check_toolchain.sh assertion result: see below / commit.

GATING REMAINING before any C++ unit COUNTS: condition 3 (mini-I-3 C++ sanitizer/oracle extension),
condition 4 (per-unit C build confirmation). C++ units are NOT yet in the corpus.
